# Golden Period

The Golden Period spans from 500 to 800 AUC. Settled civilization are by now ancient and well established, and so is the institutionalized use of magic in matters of governance, religion, warfare and industry.
