{
    "regions": [
      {
        "id": "valloraich",
        "equivalents": {
          "steel": "albrion",
          "coal": "angbria"
        }
      },
      {
        "id": "theutoland",
        "equivalents": {
          "steel": "carowiga",
          "coal": "allemannland"
        }
      }
    ]
  } 