## CHEESE SHRIMP

You are in Valloraich.  

## This is the front page!
